Application Internal Error - C:\Users\User\Downloads\Toko\toko-harbour-build\cr-wvt.exe
Terminated at: 2026.08.23 09:21:39
Unrecoverable error 9012: Can't locate the starting procedure: 'MAIN'
------------------------------------------------------------------------
Application Internal Error - C:\Users\fauzi\toko\Toko\toko-harbour-build\cr-wvt.exe
Terminated at: 2026.08.24 20:42:23
Unrecoverable error 9012: Can't locate the starting procedure: 'MAIN'
------------------------------------------------------------------------
Application Internal Error - C:\Users\fauzi\toko\Toko\toko-harbour-build\cr-wvt.exe
Terminated at: 2026.08.24 20:46:33
Unrecoverable error 9012: Can't locate the starting procedure: 'MAIN'
------------------------------------------------------------------------
Application Internal Error - C:\Users\fauzi\toko\Toko\toko-harbour-build\cr-wvt.exe
Terminated at: 2026.08.24 20:46:36
Unrecoverable error 9012: Can't locate the starting procedure: 'MAIN'
------------------------------------------------------------------------
Application Internal Error - C:\Users\fauzi\toko\Toko\toko-harbour-build\cr-wvt.exe
Terminated at: 2026.08.24 20:46:42
Unrecoverable error 9012: Can't locate the starting procedure: 'MAIN'
------------------------------------------------------------------------
